
> bike-tour@0.1.0 test C:\Users\Meysow\Documents\WebDev\pour leo\bike-tour
> cross-env NODE_OPTIONS=--experimental-vm-modules jest

Warning: `removeAllListeners("unhandledRejection")` called. Next.js maintains an `unhandledRejection` listener to filter out unnecessary rejection warnings caused by aborting prerenders early. It is not recommended that you uninstall this behavior, but if you want to you must call `process.removeListener("unhandledRejection", listener)`. You can acquire the listener from `process.listeners("unhandledRejection")[0]`.
Warning: `removeAllListeners("unhandledRejection")` called. Next.js maintains an `unhandledRejection` listener to filter out unnecessary rejection warnings caused by aborting prerenders early. It is not recommended that you uninstall this behavior, but if you want to you must call `process.removeListener("unhandledRejection", listener)`. You can acquire the listener from `process.listeners("unhandledRejection")[0]`.
Warning: `removeAllListeners("unhandledRejection")` called. Next.js maintains an `unhandledRejection` listener to filter out unnecessary rejection warnings caused by aborting prerenders early. It is not recommended that you uninstall this behavior, but if you want to you must call `process.removeListener("unhandledRejection", listener)`. You can acquire the listener from `process.listeners("unhandledRejection")[0]`.
Warning: `removeAllListeners("unhandledRejection")` called. Next.js maintains an `unhandledRejection` listener to filter out unnecessary rejection warnings caused by aborting prerenders early. It is not recommended that you uninstall this behavior, but if you want to you must call `process.removeListener("unhandledRejection", listener)`. You can acquire the listener from `process.listeners("unhandledRejection")[0]`.
Warning: `removeAllListeners("unhandledRejection")` called. Next.js maintains an `unhandledRejection` listener to filter out unnecessary rejection warnings caused by aborting prerenders early. It is not recommended that you uninstall this behavior, but if you want to you must call `process.removeListener("unhandledRejection", listener)`. You can acquire the listener from `process.listeners("unhandledRejection")[0]`.
Warning: `removeAllListeners("unhandledRejection")` called. Next.js maintains an `unhandledRejection` listener to filter out unnecessary rejection warnings caused by aborting prerenders early. It is not recommended that you uninstall this behavior, but if you want to you must call `process.removeListener("unhandledRejection", listener)`. You can acquire the listener from `process.listeners("unhandledRejection")[0]`.
Warning: `removeAllListeners("unhandledRejection")` called. Next.js maintains an `unhandledRejection` listener to filter out unnecessary rejection warnings caused by aborting prerenders early. It is not recommended that you uninstall this behavior, but if you want to you must call `process.removeListener("unhandledRejection", listener)`. You can acquire the listener from `process.listeners("unhandledRejection")[0]`.
Warning: `removeAllListeners("unhandledRejection")` called. Next.js maintains an `unhandledRejection` listener to filter out unnecessary rejection warnings caused by aborting prerenders early. It is not recommended that you uninstall this behavior, but if you want to you must call `process.removeListener("unhandledRejection", listener)`. You can acquire the listener from `process.listeners("unhandledRejection")[0]`.
Warning: `removeAllListeners("unhandledRejection")` called. Next.js maintains an `unhandledRejection` listener to filter out unnecessary rejection warnings caused by aborting prerenders early. It is not recommended that you uninstall this behavior, but if you want to you must call `process.removeListener("unhandledRejection", listener)`. You can acquire the listener from `process.listeners("unhandledRejection")[0]`.
Warning: `removeAllListeners("unhandledRejection")` called. Next.js maintains an `unhandledRejection` listener to filter out unnecessary rejection warnings caused by aborting prerenders early. It is not recommended that you uninstall this behavior, but if you want to you must call `process.removeListener("unhandledRejection", listener)`. You can acquire the listener from `process.listeners("unhandledRejection")[0]`.
PASS src/__tests__/integration/i18n.test.ts
Warning: `removeAllListeners("unhandledRejection")` called. Next.js maintains an `unhandledRejection` listener to filter out unnecessary rejection warnings caused by aborting prerenders early. It is not recommended that you uninstall this behavior, but if you want to you must call `process.removeListener("unhandledRejection", listener)`. You can acquire the listener from `process.listeners("unhandledRejection")[0]`.
Warning: `removeAllListeners("unhandledRejection")` called. Next.js maintains an `unhandledRejection` listener to filter out unnecessary rejection warnings caused by aborting prerenders early. It is not recommended that you uninstall this behavior, but if you want to you must call `process.removeListener("unhandledRejection", listener)`. You can acquire the listener from `process.listeners("unhandledRejection")[0]`.
Warning: `removeAllListeners("unhandledRejection")` called. Next.js maintains an `unhandledRejection` listener to filter out unnecessary rejection warnings caused by aborting prerenders early. It is not recommended that you uninstall this behavior, but if you want to you must call `process.removeListener("unhandledRejection", listener)`. You can acquire the listener from `process.listeners("unhandledRejection")[0]`.
Warning: `removeAllListeners("unhandledRejection")` called. Next.js maintains an `unhandledRejection` listener to filter out unnecessary rejection warnings caused by aborting prerenders early. It is not recommended that you uninstall this behavior, but if you want to you must call `process.removeListener("unhandledRejection", listener)`. You can acquire the listener from `process.listeners("unhandledRejection")[0]`.
Warning: `removeAllListeners("unhandledRejection")` called. Next.js maintains an `unhandledRejection` listener to filter out unnecessary rejection warnings caused by aborting prerenders early. It is not recommended that you uninstall this behavior, but if you want to you must call `process.removeListener("unhandledRejection", listener)`. You can acquire the listener from `process.listeners("unhandledRejection")[0]`.
PASS src/__tests__/lib/utils/locale.test.ts
PASS src/__tests__/hooks/use-localized-routes.test.tsx
PASS src/__tests__/components/shared/safe-html-renderer.test.tsx
PASS src/__tests__/components/shared/error-message.test.tsx
PASS src/__tests__/components/blog/blog-card.test.tsx
  ● Console

    console.error
      Warning: Received `true` for a non-boolean attribute `fill`.
      
      If you want to write it to the DOM, pass a string instead: fill="true" or fill={value.toString()}.
          at img
          at default
          at div
          at a
          at hrefProp (C:\Users\Meysow\Documents\WebDev\pour leo\bike-tour\node_modules\.pnpm\next@15.6.0-canary.29_@babe_b15aa971b1aeaf4713ff8cb7cee6b9f6\node_modules\next\src\client\link.tsx:275:13)
          at div
          at className (C:\Users\Meysow\Documents\WebDev\pour leo\bike-tour\src\components\ui\card.tsx:8:6)
          at post (C:\Users\Meysow\Documents\WebDev\pour leo\bike-tour\src\components\blog\blog-card.tsx:21:28)
          at children (C:\Users\Meysow\Documents\WebDev\pour leo\bike-tour\src\__tests__\utils\test-utils.tsx:9:29)

    [0m [90m 16 |[39m   options[33m?[39m[33m:[39m [33mOmit[39m[33m<[39m[33mRenderOptions[39m[33m,[39m [32m"wrapper"[39m[33m>[39m
     [90m 17 |[39m ) {
    [31m[1m>[22m[39m[90m 18 |[39m   [36mreturn[39m render(ui[33m,[39m { wrapper[33m:[39m [33mProvidersWrapper[39m[33m,[39m [33m...[39moptions })[33m;[39m
     [90m    |[39m                [31m[1m^[22m[39m
     [90m 19 |[39m }
     [90m 20 |[39m
     [90m 21 |[39m [90m// Re-export everything from React Testing Library[39m[0m

      at printWarning (node_modules/.pnpm/react-dom@18.3.1_react@18.3.1/node_modules/react-dom/cjs/react-dom.development.js:86:30)
      at error (node_modules/.pnpm/react-dom@18.3.1_react@18.3.1/node_modules/react-dom/cjs/react-dom.development.js:60:7)
      at validateProperty$1 (node_modules/.pnpm/react-dom@18.3.1_react@18.3.1/node_modules/react-dom/cjs/react-dom.development.js:3765:9)
      at warnUnknownProperties (node_modules/.pnpm/react-dom@18.3.1_react@18.3.1/node_modules/react-dom/cjs/react-dom.development.js:3803:21)
      at validateProperties$2 (node_modules/.pnpm/react-dom@18.3.1_react@18.3.1/node_modules/react-dom/cjs/react-dom.development.js:3827:3)
      at validatePropertiesInDevelopment (node_modules/.pnpm/react-dom@18.3.1_react@18.3.1/node_modules/react-dom/cjs/react-dom.development.js:9541:5)
      at setInitialProperties (node_modules/.pnpm/react-dom@18.3.1_react@18.3.1/node_modules/react-dom/cjs/react-dom.development.js:9830:5)
      at finalizeInitialChildren (node_modules/.pnpm/react-dom@18.3.1_react@18.3.1/node_modules/react-dom/cjs/react-dom.development.js:10950:3)
      at completeWork (node_modules/.pnpm/react-dom@18.3.1_react@18.3.1/node_modules/react-dom/cjs/react-dom.development.js:22232:17)
      at completeUnitOfWork (node_modules/.pnpm/react-dom@18.3.1_react@18.3.1/node_modules/react-dom/cjs/react-dom.development.js:26632:16)
      at performUnitOfWork (node_modules/.pnpm/react-dom@18.3.1_react@18.3.1/node_modules/react-dom/cjs/react-dom.development.js:26607:5)
      at workLoopSync (node_modules/.pnpm/react-dom@18.3.1_react@18.3.1/node_modules/react-dom/cjs/react-dom.development.js:26505:5)
      at renderRootSync (node_modules/.pnpm/react-dom@18.3.1_react@18.3.1/node_modules/react-dom/cjs/react-dom.development.js:26473:7)
      at performConcurrentWorkOnRoot (node_modules/.pnpm/react-dom@18.3.1_react@18.3.1/node_modules/react-dom/cjs/react-dom.development.js:25777:74)
      at flushActQueue (node_modules/.pnpm/react@18.3.1/node_modules/react/cjs/react.development.js:2667:24)
      at act (node_modules/.pnpm/react@18.3.1/node_modules/react/cjs/react.development.js:2582:11)
      at node_modules/.pnpm/@testing-library+react@16.3_59c0e11b10e1a70d511ef984e8664550/node_modules/@testing-library/react/dist/act-compat.js:47:25
      at renderRoot (node_modules/.pnpm/@testing-library+react@16.3_59c0e11b10e1a70d511ef984e8664550/node_modules/@testing-library/react/dist/pure.js:190:26)
      at render (node_modules/.pnpm/@testing-library+react@16.3_59c0e11b10e1a70d511ef984e8664550/node_modules/@testing-library/react/dist/pure.js:292:10)
      at customRender (src/__tests__/utils/test-utils.tsx:18:16)
      at Object.<anonymous> (src/__tests__/components/blog/blog-card.test.tsx:62:11)

PASS src/__tests__/lib/utils/format.test.ts
PASS src/__tests__/lib/blog.test.ts
PASS src/__tests__/config/routes.test.ts
PASS src/__tests__/components/shared/loading-spinner.test.tsx
PASS src/__tests__/components/ui/card.test.tsx
PASS src/__tests__/integration/data-consistency.test.ts
PASS src/__tests__/components/sections/testimonials-section.test.tsx
  ● Console

    console.error
      Warning: React does not recognize the `spaceBetween` prop on a DOM element. If you intentionally want it to appear in the DOM as a custom attribute, spell it as lowercase `spacebetween` instead. If you accidentally passed it from a parent component, remove it from the DOM element.
          at div
          at children (C:\Users\Meysow\Documents\WebDev\pour leo\bike-tour\src\__tests__\components\sections\testimonials-section.test.tsx:20:14)
          at div
          at section
          at TestimonialsSection

    [0m [90m 45 |[39m describe([32m"TestimonialsSection"[39m[33m,[39m () [33m=>[39m {
     [90m 46 |[39m   it([32m"renders the testimonials section with title and subtitle"[39m[33m,[39m () [33m=>[39m {
    [31m[1m>[22m[39m[90m 47 |[39m     render([33m<[39m[33mTestimonialsSection[39m [33m/[39m[33m>[39m)[33m;[39m
     [90m    |[39m           [31m[1m^[22m[39m
     [90m 48 |[39m
     [90m 49 |[39m     expect(screen[33m.[39mgetByText([32m"Join our thriving community of"[39m))[33m.[39mtoBeInTheDocument()[33m;[39m
     [90m 50 |[39m     expect(screen[33m.[39mgetByText([32m"Satisfied Riders"[39m))[33m.[39mtoBeInTheDocument()[33m;[39m[0m

      at printWarning (node_modules/.pnpm/react-dom@18.3.1_react@18.3.1/node_modules/react-dom/cjs/react-dom.development.js:86:30)
      at error (node_modules/.pnpm/react-dom@18.3.1_react@18.3.1/node_modules/react-dom/cjs/react-dom.development.js:60:7)
      at validateProperty$1 (node_modules/.pnpm/react-dom@18.3.1_react@18.3.1/node_modules/react-dom/cjs/react-dom.development.js:3757:7)
      at warnUnknownProperties (node_modules/.pnpm/react-dom@18.3.1_react@18.3.1/node_modules/react-dom/cjs/react-dom.development.js:3803:21)
      at validateProperties$2 (node_modules/.pnpm/react-dom@18.3.1_react@18.3.1/node_modules/react-dom/cjs/react-dom.development.js:3827:3)
      at validatePropertiesInDevelopment (node_modules/.pnpm/react-dom@18.3.1_react@18.3.1/node_modules/react-dom/cjs/react-dom.development.js:9541:5)
      at setInitialProperties (node_modules/.pnpm/react-dom@18.3.1_react@18.3.1/node_modules/react-dom/cjs/react-dom.development.js:9830:5)
      at finalizeInitialChildren (node_modules/.pnpm/react-dom@18.3.1_react@18.3.1/node_modules/react-dom/cjs/react-dom.development.js:10950:3)
      at completeWork (node_modules/.pnpm/react-dom@18.3.1_react@18.3.1/node_modules/react-dom/cjs/react-dom.development.js:22232:17)
      at completeUnitOfWork (node_modules/.pnpm/react-dom@18.3.1_react@18.3.1/node_modules/react-dom/cjs/react-dom.development.js:26632:16)
      at performUnitOfWork (node_modules/.pnpm/react-dom@18.3.1_react@18.3.1/node_modules/react-dom/cjs/react-dom.development.js:26607:5)
      at workLoopSync (node_modules/.pnpm/react-dom@18.3.1_react@18.3.1/node_modules/react-dom/cjs/react-dom.development.js:26505:5)
      at renderRootSync (node_modules/.pnpm/react-dom@18.3.1_react@18.3.1/node_modules/react-dom/cjs/react-dom.development.js:26473:7)
      at performConcurrentWorkOnRoot (node_modules/.pnpm/react-dom@18.3.1_react@18.3.1/node_modules/react-dom/cjs/react-dom.development.js:25777:74)
      at flushActQueue (node_modules/.pnpm/react@18.3.1/node_modules/react/cjs/react.development.js:2667:24)
      at act (node_modules/.pnpm/react@18.3.1/node_modules/react/cjs/react.development.js:2582:11)
      at node_modules/.pnpm/@testing-library+react@16.3_59c0e11b10e1a70d511ef984e8664550/node_modules/@testing-library/react/dist/act-compat.js:47:25
      at renderRoot (node_modules/.pnpm/@testing-library+react@16.3_59c0e11b10e1a70d511ef984e8664550/node_modules/@testing-library/react/dist/pure.js:190:26)
      at render (node_modules/.pnpm/@testing-library+react@16.3_59c0e11b10e1a70d511ef984e8664550/node_modules/@testing-library/react/dist/pure.js:292:10)
      at Object.<anonymous> (src/__tests__/components/sections/testimonials-section.test.tsx:47:11)

    console.error
      Warning: React does not recognize the `slidesPerView` prop on a DOM element. If you intentionally want it to appear in the DOM as a custom attribute, spell it as lowercase `slidesperview` instead. If you accidentally passed it from a parent component, remove it from the DOM element.
          at div
          at children (C:\Users\Meysow\Documents\WebDev\pour leo\bike-tour\src\__tests__\components\sections\testimonials-section.test.tsx:20:14)
          at div
          at section
          at TestimonialsSection

    [0m [90m 45 |[39m describe([32m"TestimonialsSection"[39m[33m,[39m () [33m=>[39m {
     [90m 46 |[39m   it([32m"renders the testimonials section with title and subtitle"[39m[33m,[39m () [33m=>[39m {
    [31m[1m>[22m[39m[90m 47 |[39m     render([33m<[39m[33mTestimonialsSection[39m [33m/[39m[33m>[39m)[33m;[39m
     [90m    |[39m           [31m[1m^[22m[39m
     [90m 48 |[39m
     [90m 49 |[39m     expect(screen[33m.[39mgetByText([32m"Join our thriving community of"[39m))[33m.[39mtoBeInTheDocument()[33m;[39m
     [90m 50 |[39m     expect(screen[33m.[39mgetByText([32m"Satisfied Riders"[39m))[33m.[39mtoBeInTheDocument()[33m;[39m[0m

      at printWarning (node_modules/.pnpm/react-dom@18.3.1_react@18.3.1/node_modules/react-dom/cjs/react-dom.development.js:86:30)
      at error (node_modules/.pnpm/react-dom@18.3.1_react@18.3.1/node_modules/react-dom/cjs/react-dom.development.js:60:7)
      at validateProperty$1 (node_modules/.pnpm/react-dom@18.3.1_react@18.3.1/node_modules/react-dom/cjs/react-dom.development.js:3757:7)
      at warnUnknownProperties (node_modules/.pnpm/react-dom@18.3.1_react@18.3.1/node_modules/react-dom/cjs/react-dom.development.js:3803:21)
      at validateProperties$2 (node_modules/.pnpm/react-dom@18.3.1_react@18.3.1/node_modules/react-dom/cjs/react-dom.development.js:3827:3)
      at validatePropertiesInDevelopment (node_modules/.pnpm/react-dom@18.3.1_react@18.3.1/node_modules/react-dom/cjs/react-dom.development.js:9541:5)
      at setInitialProperties (node_modules/.pnpm/react-dom@18.3.1_react@18.3.1/node_modules/react-dom/cjs/react-dom.development.js:9830:5)
      at finalizeInitialChildren (node_modules/.pnpm/react-dom@18.3.1_react@18.3.1/node_modules/react-dom/cjs/react-dom.development.js:10950:3)
      at completeWork (node_modules/.pnpm/react-dom@18.3.1_react@18.3.1/node_modules/react-dom/cjs/react-dom.development.js:22232:17)
      at completeUnitOfWork (node_modules/.pnpm/react-dom@18.3.1_react@18.3.1/node_modules/react-dom/cjs/react-dom.development.js:26632:16)
      at performUnitOfWork (node_modules/.pnpm/react-dom@18.3.1_react@18.3.1/node_modules/react-dom/cjs/react-dom.development.js:26607:5)
      at workLoopSync (node_modules/.pnpm/react-dom@18.3.1_react@18.3.1/node_modules/react-dom/cjs/react-dom.development.js:26505:5)
      at renderRootSync (node_modules/.pnpm/react-dom@18.3.1_react@18.3.1/node_modules/react-dom/cjs/react-dom.development.js:26473:7)
      at performConcurrentWorkOnRoot (node_modules/.pnpm/react-dom@18.3.1_react@18.3.1/node_modules/react-dom/cjs/react-dom.development.js:25777:74)
      at flushActQueue (node_modules/.pnpm/react@18.3.1/node_modules/react/cjs/react.development.js:2667:24)
      at act (node_modules/.pnpm/react@18.3.1/node_modules/react/cjs/react.development.js:2582:11)
      at node_modules/.pnpm/@testing-library+react@16.3_59c0e11b10e1a70d511ef984e8664550/node_modules/@testing-library/react/dist/act-compat.js:47:25
      at renderRoot (node_modules/.pnpm/@testing-library+react@16.3_59c0e11b10e1a70d511ef984e8664550/node_modules/@testing-library/react/dist/pure.js:190:26)
      at render (node_modules/.pnpm/@testing-library+react@16.3_59c0e11b10e1a70d511ef984e8664550/node_modules/@testing-library/react/dist/pure.js:292:10)
      at Object.<anonymous> (src/__tests__/components/sections/testimonials-section.test.tsx:47:11)

    console.error
      Warning: Invalid DOM property `autoplay`. Did you mean `autoPlay`?
          at div
          at children (C:\Users\Meysow\Documents\WebDev\pour leo\bike-tour\src\__tests__\components\sections\testimonials-section.test.tsx:20:14)
          at div
          at section
          at TestimonialsSection

    [0m [90m 45 |[39m describe([32m"TestimonialsSection"[39m[33m,[39m () [33m=>[39m {
     [90m 46 |[39m   it([32m"renders the testimonials section with title and subtitle"[39m[33m,[39m () [33m=>[39m {
    [31m[1m>[22m[39m[90m 47 |[39m     render([33m<[39m[33mTestimonialsSection[39m [33m/[39m[33m>[39m)[33m;[39m
     [90m    |[39m           [31m[1m^[22m[39m
     [90m 48 |[39m
     [90m 49 |[39m     expect(screen[33m.[39mgetByText([32m"Join our thriving community of"[39m))[33m.[39mtoBeInTheDocument()[33m;[39m
     [90m 50 |[39m     expect(screen[33m.[39mgetByText([32m"Satisfied Riders"[39m))[33m.[39mtoBeInTheDocument()[33m;[39m[0m

      at printWarning (node_modules/.pnpm/react-dom@18.3.1_react@18.3.1/node_modules/react-dom/cjs/react-dom.development.js:86:30)
      at error (node_modules/.pnpm/react-dom@18.3.1_react@18.3.1/node_modules/react-dom/cjs/react-dom.development.js:60:7)
      at validateProperty$1 (node_modules/.pnpm/react-dom@18.3.1_react@18.3.1/node_modules/react-dom/cjs/react-dom.development.js:3749:9)
      at warnUnknownProperties (node_modules/.pnpm/react-dom@18.3.1_react@18.3.1/node_modules/react-dom/cjs/react-dom.development.js:3803:21)
      at validateProperties$2 (node_modules/.pnpm/react-dom@18.3.1_react@18.3.1/node_modules/react-dom/cjs/react-dom.development.js:3827:3)
      at validatePropertiesInDevelopment (node_modules/.pnpm/react-dom@18.3.1_react@18.3.1/node_modules/react-dom/cjs/react-dom.development.js:9541:5)
      at setInitialProperties (node_modules/.pnpm/react-dom@18.3.1_react@18.3.1/node_modules/react-dom/cjs/react-dom.development.js:9830:5)
      at finalizeInitialChildren (node_modules/.pnpm/react-dom@18.3.1_react@18.3.1/node_modules/react-dom/cjs/react-dom.development.js:10950:3)
      at completeWork (node_modules/.pnpm/react-dom@18.3.1_react@18.3.1/node_modules/react-dom/cjs/react-dom.development.js:22232:17)
      at completeUnitOfWork (node_modules/.pnpm/react-dom@18.3.1_react@18.3.1/node_modules/react-dom/cjs/react-dom.development.js:26632:16)
      at performUnitOfWork (node_modules/.pnpm/react-dom@18.3.1_react@18.3.1/node_modules/react-dom/cjs/react-dom.development.js:26607:5)
      at workLoopSync (node_modules/.pnpm/react-dom@18.3.1_react@18.3.1/node_modules/react-dom/cjs/react-dom.development.js:26505:5)
      at renderRootSync (node_modules/.pnpm/react-dom@18.3.1_react@18.3.1/node_modules/react-dom/cjs/react-dom.development.js:26473:7)
      at performConcurrentWorkOnRoot (node_modules/.pnpm/react-dom@18.3.1_react@18.3.1/node_modules/react-dom/cjs/react-dom.development.js:25777:74)
      at flushActQueue (node_modules/.pnpm/react@18.3.1/node_modules/react/cjs/react.development.js:2667:24)
      at act (node_modules/.pnpm/react@18.3.1/node_modules/react/cjs/react.development.js:2582:11)
      at node_modules/.pnpm/@testing-library+react@16.3_59c0e11b10e1a70d511ef984e8664550/node_modules/@testing-library/react/dist/act-compat.js:47:25
      at renderRoot (node_modules/.pnpm/@testing-library+react@16.3_59c0e11b10e1a70d511ef984e8664550/node_modules/@testing-library/react/dist/pure.js:190:26)
      at render (node_modules/.pnpm/@testing-library+react@16.3_59c0e11b10e1a70d511ef984e8664550/node_modules/@testing-library/react/dist/pure.js:292:10)
      at Object.<anonymous> (src/__tests__/components/sections/testimonials-section.test.tsx:47:11)

PASS src/__tests__/integration/routing.test.ts
PASS src/__tests__/components/ui/button.test.tsx
PASS src/__tests__/lib/utils/navigation.test.ts
PASS src/__tests__/data/testimonials.test.ts
PASS src/__tests__/components/shared/whatsapp-float-button-wrapper.test.tsx
PASS src/__tests__/config/navigation.test.ts
PASS src/__tests__/components/ui/input.test.tsx
PASS src/__tests__/data/pricing-plans.test.ts
PASS src/__tests__/data/frequently-asked-questions.test.ts
PASS src/__tests__/lib/utils.test.ts
PASS src/__tests__/integration/whatsapp-i18n-integration.test.ts
PASS src/__tests__/components/shared/language-switcher.test.tsx
PASS src/__tests__/components/blog/tag-filter.test.tsx
PASS src/__tests__/components/shared/whatsapp-float-button.test.tsx
PASS src/__tests__/app/not-found.test.tsx

Test Suites: 28 passed, 28 total
Tests:       485 passed, 485 total
Snapshots:   0 total
Time:        5.299 s
Ran all test suites.
